------------------------------------------------------------
Timing Analyzer Summary
------------------------------------------------------------

Type  : Slow 1100mV 85C Model Setup 'new_clock_module:NEW_CLOCK|temp_new_clock'
Slack : -11.355
TNS   : -46.083

Type  : Slow 1100mV 85C Model Setup 'clock'
Slack : -5.626
TNS   : -125.201

Type  : Slow 1100mV 85C Model Setup 'coin_100'
Slack : -0.369
TNS   : -1.907

Type  : Slow 1100mV 85C Model Setup 'coin_500'
Slack : -0.358
TNS   : -1.538

Type  : Slow 1100mV 85C Model Hold 'coin_500'
Slack : 0.277
TNS   : 0.000

Type  : Slow 1100mV 85C Model Hold 'coin_100'
Slack : 0.284
TNS   : 0.000

Type  : Slow 1100mV 85C Model Hold 'clock'
Slack : 0.465
TNS   : 0.000

Type  : Slow 1100mV 85C Model Hold 'new_clock_module:NEW_CLOCK|temp_new_clock'
Slack : 0.883
TNS   : 0.000

Type  : Slow 1100mV 85C Model Recovery 'coin_500'
Slack : -7.327
TNS   : -36.617

Type  : Slow 1100mV 85C Model Recovery 'coin_100'
Slack : -6.873
TNS   : -41.231

Type  : Slow 1100mV 85C Model Removal 'coin_100'
Slack : 0.729
TNS   : 0.000

Type  : Slow 1100mV 85C Model Removal 'coin_500'
Slack : 0.863
TNS   : 0.000

Type  : Slow 1100mV 85C Model Minimum Pulse Width 'clock'
Slack : -0.470
TNS   : -25.760

Type  : Slow 1100mV 85C Model Minimum Pulse Width 'new_clock_module:NEW_CLOCK|temp_new_clock'
Slack : -0.394
TNS   : -5.192

Type  : Slow 1100mV 85C Model Minimum Pulse Width 'coin_100'
Slack : -0.394
TNS   : -4.149

Type  : Slow 1100mV 85C Model Minimum Pulse Width 'coin_500'
Slack : -0.394
TNS   : -2.657

Type  : Slow 1100mV 0C Model Setup 'new_clock_module:NEW_CLOCK|temp_new_clock'
Slack : -11.220
TNS   : -45.242

Type  : Slow 1100mV 0C Model Setup 'clock'
Slack : -5.675
TNS   : -123.509

Type  : Slow 1100mV 0C Model Setup 'coin_100'
Slack : -0.359
TNS   : -1.838

Type  : Slow 1100mV 0C Model Setup 'coin_500'
Slack : -0.347
TNS   : -1.484

Type  : Slow 1100mV 0C Model Hold 'coin_500'
Slack : 0.304
TNS   : 0.000

Type  : Slow 1100mV 0C Model Hold 'coin_100'
Slack : 0.309
TNS   : 0.000

Type  : Slow 1100mV 0C Model Hold 'clock'
Slack : 0.455
TNS   : 0.000

Type  : Slow 1100mV 0C Model Hold 'new_clock_module:NEW_CLOCK|temp_new_clock'
Slack : 0.833
TNS   : 0.000

Type  : Slow 1100mV 0C Model Recovery 'coin_500'
Slack : -7.019
TNS   : -35.077

Type  : Slow 1100mV 0C Model Recovery 'coin_100'
Slack : -6.668
TNS   : -39.994

Type  : Slow 1100mV 0C Model Removal 'coin_100'
Slack : 0.666
TNS   : 0.000

Type  : Slow 1100mV 0C Model Removal 'coin_500'
Slack : 0.760
TNS   : 0.000

Type  : Slow 1100mV 0C Model Minimum Pulse Width 'clock'
Slack : -0.485
TNS   : -28.073

Type  : Slow 1100mV 0C Model Minimum Pulse Width 'new_clock_module:NEW_CLOCK|temp_new_clock'
Slack : -0.394
TNS   : -5.131

Type  : Slow 1100mV 0C Model Minimum Pulse Width 'coin_100'
Slack : -0.394
TNS   : -3.372

Type  : Slow 1100mV 0C Model Minimum Pulse Width 'coin_500'
Slack : -0.394
TNS   : -2.704

Type  : Fast 1100mV 85C Model Setup 'new_clock_module:NEW_CLOCK|temp_new_clock'
Slack : -6.612
TNS   : -24.452

Type  : Fast 1100mV 85C Model Setup 'clock'
Slack : -3.575
TNS   : -55.503

Type  : Fast 1100mV 85C Model Setup 'coin_100'
Slack : 0.238
TNS   : 0.000

Type  : Fast 1100mV 85C Model Setup 'coin_500'
Slack : 0.273
TNS   : 0.000

Type  : Fast 1100mV 85C Model Hold 'coin_500'
Slack : 0.156
TNS   : 0.000

Type  : Fast 1100mV 85C Model Hold 'coin_100'
Slack : 0.159
TNS   : 0.000

Type  : Fast 1100mV 85C Model Hold 'clock'
Slack : 0.257
TNS   : 0.000

Type  : Fast 1100mV 85C Model Hold 'new_clock_module:NEW_CLOCK|temp_new_clock'
Slack : 0.449
TNS   : 0.000

Type  : Fast 1100mV 85C Model Recovery 'coin_500'
Slack : -3.791
TNS   : -18.949

Type  : Fast 1100mV 85C Model Recovery 'coin_100'
Slack : -3.715
TNS   : -22.285

Type  : Fast 1100mV 85C Model Removal 'coin_100'
Slack : 0.470
TNS   : 0.000

Type  : Fast 1100mV 85C Model Removal 'coin_500'
Slack : 0.565
TNS   : 0.000

Type  : Fast 1100mV 85C Model Minimum Pulse Width 'clock'
Slack : -0.506
TNS   : -4.845

Type  : Fast 1100mV 85C Model Minimum Pulse Width 'coin_100'
Slack : -0.320
TNS   : -2.110

Type  : Fast 1100mV 85C Model Minimum Pulse Width 'coin_500'
Slack : -0.296
TNS   : -1.643

Type  : Fast 1100mV 85C Model Minimum Pulse Width 'new_clock_module:NEW_CLOCK|temp_new_clock'
Slack : 0.030
TNS   : 0.000

Type  : Fast 1100mV 0C Model Setup 'new_clock_module:NEW_CLOCK|temp_new_clock'
Slack : -6.307
TNS   : -22.914

Type  : Fast 1100mV 0C Model Setup 'clock'
Slack : -3.009
TNS   : -47.929

Type  : Fast 1100mV 0C Model Setup 'coin_100'
Slack : 0.308
TNS   : 0.000

Type  : Fast 1100mV 0C Model Setup 'coin_500'
Slack : 0.310
TNS   : 0.000

Type  : Fast 1100mV 0C Model Hold 'coin_500'
Slack : 0.161
TNS   : 0.000

Type  : Fast 1100mV 0C Model Hold 'coin_100'
Slack : 0.171
TNS   : 0.000

Type  : Fast 1100mV 0C Model Hold 'clock'
Slack : 0.237
TNS   : 0.000

Type  : Fast 1100mV 0C Model Hold 'new_clock_module:NEW_CLOCK|temp_new_clock'
Slack : 0.393
TNS   : 0.000

Type  : Fast 1100mV 0C Model Recovery 'coin_500'
Slack : -3.437
TNS   : -17.179

Type  : Fast 1100mV 0C Model Recovery 'coin_100'
Slack : -3.301
TNS   : -19.806

Type  : Fast 1100mV 0C Model Removal 'coin_100'
Slack : 0.268
TNS   : 0.000

Type  : Fast 1100mV 0C Model Removal 'coin_500'
Slack : 0.413
TNS   : 0.000

Type  : Fast 1100mV 0C Model Minimum Pulse Width 'clock'
Slack : -0.502
TNS   : -4.757

Type  : Fast 1100mV 0C Model Minimum Pulse Width 'coin_100'
Slack : -0.315
TNS   : -2.063

Type  : Fast 1100mV 0C Model Minimum Pulse Width 'coin_500'
Slack : -0.299
TNS   : -1.655

Type  : Fast 1100mV 0C Model Minimum Pulse Width 'new_clock_module:NEW_CLOCK|temp_new_clock'
Slack : 0.061
TNS   : 0.000

------------------------------------------------------------
