------------------------------------------------------------
Timing Analyzer Summary
------------------------------------------------------------

Type  : Slow 1100mV 85C Model Setup 'new_clock_module:NEW_CLOCK|temp_new_clock'
Slack : -11.325
TNS   : -32.602

Type  : Slow 1100mV 85C Model Setup 'clock'
Slack : -5.593
TNS   : -112.577

Type  : Slow 1100mV 85C Model Setup 'coin_500'
Slack : -0.348
TNS   : -1.893

Type  : Slow 1100mV 85C Model Setup 'coin_100'
Slack : -0.340
TNS   : -1.515

Type  : Slow 1100mV 85C Model Hold 'coin_500'
Slack : 0.255
TNS   : 0.000

Type  : Slow 1100mV 85C Model Hold 'coin_100'
Slack : 0.275
TNS   : 0.000

Type  : Slow 1100mV 85C Model Hold 'clock'
Slack : 0.378
TNS   : 0.000

Type  : Slow 1100mV 85C Model Hold 'new_clock_module:NEW_CLOCK|temp_new_clock'
Slack : 0.770
TNS   : 0.000

Type  : Slow 1100mV 85C Model Recovery 'coin_500'
Slack : -7.384
TNS   : -51.668

Type  : Slow 1100mV 85C Model Recovery 'coin_100'
Slack : -7.155
TNS   : -35.668

Type  : Slow 1100mV 85C Model Removal 'coin_500'
Slack : 0.722
TNS   : 0.000

Type  : Slow 1100mV 85C Model Removal 'coin_100'
Slack : 0.787
TNS   : 0.000

Type  : Slow 1100mV 85C Model Minimum Pulse Width 'clock'
Slack : -0.440
TNS   : -24.720

Type  : Slow 1100mV 85C Model Minimum Pulse Width 'new_clock_module:NEW_CLOCK|temp_new_clock'
Slack : -0.394
TNS   : -4.848

Type  : Slow 1100mV 85C Model Minimum Pulse Width 'coin_500'
Slack : -0.394
TNS   : -3.869

Type  : Slow 1100mV 85C Model Minimum Pulse Width 'coin_100'
Slack : -0.394
TNS   : -3.428

Type  : Slow 1100mV 0C Model Setup 'new_clock_module:NEW_CLOCK|temp_new_clock'
Slack : -11.208
TNS   : -32.086

Type  : Slow 1100mV 0C Model Setup 'clock'
Slack : -5.618
TNS   : -111.170

Type  : Slow 1100mV 0C Model Setup 'coin_500'
Slack : -0.338
TNS   : -1.835

Type  : Slow 1100mV 0C Model Setup 'coin_100'
Slack : -0.334
TNS   : -1.483

Type  : Slow 1100mV 0C Model Hold 'coin_500'
Slack : 0.284
TNS   : 0.000

Type  : Slow 1100mV 0C Model Hold 'coin_100'
Slack : 0.310
TNS   : 0.000

Type  : Slow 1100mV 0C Model Hold 'clock'
Slack : 0.378
TNS   : 0.000

Type  : Slow 1100mV 0C Model Hold 'new_clock_module:NEW_CLOCK|temp_new_clock'
Slack : 0.763
TNS   : 0.000

Type  : Slow 1100mV 0C Model Recovery 'coin_500'
Slack : -7.114
TNS   : -49.779

Type  : Slow 1100mV 0C Model Recovery 'coin_100'
Slack : -6.921
TNS   : -34.519

Type  : Slow 1100mV 0C Model Removal 'coin_500'
Slack : 0.685
TNS   : 0.000

Type  : Slow 1100mV 0C Model Removal 'coin_100'
Slack : 0.774
TNS   : 0.000

Type  : Slow 1100mV 0C Model Minimum Pulse Width 'clock'
Slack : -0.439
TNS   : -26.930

Type  : Slow 1100mV 0C Model Minimum Pulse Width 'new_clock_module:NEW_CLOCK|temp_new_clock'
Slack : -0.394
TNS   : -4.856

Type  : Slow 1100mV 0C Model Minimum Pulse Width 'coin_500'
Slack : -0.394
TNS   : -3.937

Type  : Slow 1100mV 0C Model Minimum Pulse Width 'coin_100'
Slack : -0.394
TNS   : -2.778

Type  : Fast 1100mV 85C Model Setup 'new_clock_module:NEW_CLOCK|temp_new_clock'
Slack : -6.609
TNS   : -17.227

Type  : Fast 1100mV 85C Model Setup 'clock'
Slack : -3.284
TNS   : -48.034

Type  : Fast 1100mV 85C Model Setup 'coin_500'
Slack : 0.255
TNS   : 0.000

Type  : Fast 1100mV 85C Model Setup 'coin_100'
Slack : 0.264
TNS   : 0.000

Type  : Fast 1100mV 85C Model Hold 'coin_100'
Slack : 0.156
TNS   : 0.000

Type  : Fast 1100mV 85C Model Hold 'coin_500'
Slack : 0.158
TNS   : 0.000

Type  : Fast 1100mV 85C Model Hold 'clock'
Slack : 0.202
TNS   : 0.000

Type  : Fast 1100mV 85C Model Hold 'new_clock_module:NEW_CLOCK|temp_new_clock'
Slack : 0.399
TNS   : 0.000

Type  : Fast 1100mV 85C Model Recovery 'coin_100'
Slack : -3.938
TNS   : -19.595

Type  : Fast 1100mV 85C Model Recovery 'coin_500'
Slack : -3.854
TNS   : -26.971

Type  : Fast 1100mV 85C Model Removal 'coin_500'
Slack : 0.508
TNS   : 0.000

Type  : Fast 1100mV 85C Model Removal 'coin_100'
Slack : 0.546
TNS   : 0.000

Type  : Fast 1100mV 85C Model Minimum Pulse Width 'clock'
Slack : -0.435
TNS   : -4.599

Type  : Fast 1100mV 85C Model Minimum Pulse Width 'coin_100'
Slack : -0.318
TNS   : -1.779

Type  : Fast 1100mV 85C Model Minimum Pulse Width 'coin_500'
Slack : -0.317
TNS   : -2.410

Type  : Fast 1100mV 85C Model Minimum Pulse Width 'new_clock_module:NEW_CLOCK|temp_new_clock'
Slack : 0.024
TNS   : 0.000

Type  : Fast 1100mV 0C Model Setup 'new_clock_module:NEW_CLOCK|temp_new_clock'
Slack : -6.307
TNS   : -15.909

Type  : Fast 1100mV 0C Model Setup 'clock'
Slack : -2.933
TNS   : -40.771

Type  : Fast 1100mV 0C Model Setup 'coin_500'
Slack : 0.308
TNS   : 0.000

Type  : Fast 1100mV 0C Model Setup 'coin_100'
Slack : 0.319
TNS   : 0.000

Type  : Fast 1100mV 0C Model Hold 'coin_500'
Slack : 0.163
TNS   : 0.000

Type  : Fast 1100mV 0C Model Hold 'coin_100'
Slack : 0.164
TNS   : 0.000

Type  : Fast 1100mV 0C Model Hold 'clock'
Slack : 0.191
TNS   : 0.000

Type  : Fast 1100mV 0C Model Hold 'new_clock_module:NEW_CLOCK|temp_new_clock'
Slack : 0.362
TNS   : 0.000

Type  : Fast 1100mV 0C Model Recovery 'coin_500'
Slack : -3.498
TNS   : -24.479

Type  : Fast 1100mV 0C Model Recovery 'coin_100'
Slack : -3.488
TNS   : -17.365

Type  : Fast 1100mV 0C Model Removal 'coin_100'
Slack : 0.324
TNS   : 0.000

Type  : Fast 1100mV 0C Model Removal 'coin_500'
Slack : 0.380
TNS   : 0.000

Type  : Fast 1100mV 0C Model Minimum Pulse Width 'clock'
Slack : -0.431
TNS   : -4.499

Type  : Fast 1100mV 0C Model Minimum Pulse Width 'coin_100'
Slack : -0.314
TNS   : -1.740

Type  : Fast 1100mV 0C Model Minimum Pulse Width 'coin_500'
Slack : -0.312
TNS   : -2.362

Type  : Fast 1100mV 0C Model Minimum Pulse Width 'new_clock_module:NEW_CLOCK|temp_new_clock'
Slack : 0.050
TNS   : 0.000

------------------------------------------------------------
